location: clients/tests/test-client.py:871:test_004()/34
cmd: $NMCLI dev show wlan0
lang: pl_PL.UTF-8
returncode: 0
stdout: 390 bytes
>>>
GENERAL.DEVICE:                         wlan0
GENERAL.TYPE:                           wifi
GENERAL.HWADDR:                         5A:88:5E:B6:90:40
GENERAL.MTU:                            0
GENERAL.STATE:                          20 (niedostÄ™pne)
GENERAL.CONNECTION:                     con-vpn-1
GENERAL.CON-PATH:                       /org/freedesktop/NetworkManager/ActiveConnection/2

<<<
stderr: 0 bytes
>>>

<<<
