location: clients/tests/test-client.py:806:test_003()/89
cmd: $NMCLI con s ethernet
lang: C
returncode: 10
stdout: 0 bytes
>>>

<<<
stderr: 46 bytes
>>>
Error: ethernet - no such connection profile.

<<<
